---
source: src/pipeline/tests/core.rs
assertion_line: 159
expression: scene_json
---
{
  "width": 1637,
  "height": 841,
  "backgroundColor": [
    255,
    255,
    255,
    255
  ],
  "graphMode": false,
  "piMode": false,
  "savedViewport": false,
  "yUp": false,
  "bounds": {
    "minX": 320.8,
    "maxX": 325.2,
    "minY": 214.8,
    "maxY": 219.2
  },
  "origin": null,
  "images": [],
  "lines": [],
  "polygons": [],
  "circles": [],
  "arcs": [],
  "labels": [],
  "points": [
    {
      "x": 323.0,
      "y": 217.0,
      "color": [
        255,
        0,
        0,
        255
      ],
      "visible": true,
      "draggable": true,
      "constraint": null,
      "binding": null,
      "debug": {
        "groupOrdinal": 1,
        "groupKind": "Point",
        "recordTypes": [
          2201,
          2007
        ],
        "recordNames": [
          "0x0899 POINT_F64_PAIR",
          "0x07d7 OBJECT_MARKER_0x7d7"
        ]
      }
    }
  ],
  "pointIterations": [],
  "circleIterations": [],
  "lineIterations": [],
  "polygonIterations": [],
  "labelIterations": [],
  "iterationTables": [],
  "buttons": [],
  "parameters": [],
  "functions": [],
  "functionDefinitions": [],
  "dependencyGraph": {
    "nodes": [
      {
        "id": "source-point:0",
        "kind": "source-point",
        "dependsOn": [],
        "recipe": null
      }
    ],
    "derivedLabelOrder": []
  }
}
